2026-05-03 15:18:13 INFO  cic.cs.unb.ca.ifm.Cmd    You select: C:\Users\user\Downloads\ids_project_skeleton\ids_project\data\uploads\pcap_b3ab711ee4\input
2026-05-03 15:18:13 INFO  cic.cs.unb.ca.ifm.Cmd    Out folder: C:\Users\user\Downloads\ids_project_skeleton\ids_project\data\uploads\pcap_b3ab711ee4\output
2026-05-03 15:18:14 INFO  cic.cs.unb.ca.jnetpcap.FlowGenerator    Forward flow closed due to FIN Flag
2026-05-03 15:18:14 INFO  cic.cs.unb.ca.jnetpcap.FlowGenerator    Forward flow closed due to FIN Flag
2026-05-03 15:18:14 DEBUG cic.cs.unb.ca.jnetpcap.FlowGenerator    FlagFIN current has 11 flow
2026-05-03 15:18:14 DEBUG cic.cs.unb.ca.jnetpcap.FlowGenerator    FlagFIN current has 11 flow
2026-05-03 15:18:14 INFO  cic.cs.unb.ca.jnetpcap.FlowGenerator    Forward flow closed due to FIN Flag
2026-05-03 15:18:14 DEBUG cic.cs.unb.ca.jnetpcap.FlowGenerator    FlagFIN current has 11 flow
2026-05-03 15:18:14 INFO  cic.cs.unb.ca.jnetpcap.FlowGenerator    Forward flow closed due to FIN Flag
2026-05-03 15:18:14 DEBUG cic.cs.unb.ca.jnetpcap.FlowGenerator    FlagFIN current has 12 flow
2026-05-03 15:18:14 INFO  cic.cs.unb.ca.jnetpcap.FlowGenerator    Forward flow closed due to FIN Flag
2026-05-03 15:18:14 INFO  cic.cs.unb.ca.jnetpcap.FlowGenerator    Forward flow closed due to FIN Flag
2026-05-03 15:18:14 DEBUG cic.cs.unb.ca.jnetpcap.FlowGenerator    FlagFIN current has 15 flow
2026-05-03 15:18:14 DEBUG cic.cs.unb.ca.jnetpcap.FlowGenerator    FlagFIN current has 15 flow
2026-05-03 15:18:14 INFO  cic.cs.unb.ca.jnetpcap.FlowGenerator    Forward flow closed due to FIN Flag
2026-05-03 15:18:14 INFO  cic.cs.unb.ca.jnetpcap.FlowGenerator    Forward flow closed due to FIN Flag
2026-05-03 15:18:14 DEBUG cic.cs.unb.ca.jnetpcap.FlowGenerator    FlagFIN current has 18 flow
2026-05-03 15:18:14 DEBUG cic.cs.unb.ca.jnetpcap.FlowGenerator    FlagFIN current has 17 flow
2026-05-03 15:18:14 INFO  cic.cs.unb.ca.jnetpcap.FlowGenerator    Forward flow closed due to FIN Flag
2026-05-03 15:18:14 INFO  cic.cs.unb.ca.jnetpcap.FlowGenerator    Forward flow closed due to FIN Flag
2026-05-03 15:18:14 DEBUG cic.cs.unb.ca.jnetpcap.FlowGenerator    FlagFIN current has 22 flow
2026-05-03 15:18:14 DEBUG cic.cs.unb.ca.jnetpcap.FlowGenerator    FlagFIN current has 23 flow
2026-05-03 15:18:14 INFO  cic.cs.unb.ca.jnetpcap.FlowGenerator    Forward flow closed due to FIN Flag
2026-05-03 15:18:14 DEBUG cic.cs.unb.ca.jnetpcap.FlowGenerator    FlagFIN current has 25 flow
2026-05-03 15:18:14 INFO  cic.cs.unb.ca.jnetpcap.FlowGenerator    Forward flow closed due to FIN Flag
2026-05-03 15:18:14 DEBUG cic.cs.unb.ca.jnetpcap.FlowGenerator    FlagFIN current has 27 flow
2026-05-03 15:18:14 INFO  cic.cs.unb.ca.jnetpcap.FlowGenerator    Forward flow closed due to FIN Flag
2026-05-03 15:18:14 INFO  cic.cs.unb.ca.jnetpcap.FlowGenerator    Forward flow closed due to FIN Flag
2026-05-03 15:18:14 DEBUG cic.cs.unb.ca.jnetpcap.FlowGenerator    FlagFIN current has 32 flow
2026-05-03 15:18:14 DEBUG cic.cs.unb.ca.jnetpcap.FlowGenerator    FlagFIN current has 31 flow
2026-05-03 15:18:14 INFO  cic.cs.unb.ca.jnetpcap.FlowGenerator    Forward flow closed due to FIN Flag
2026-05-03 15:18:14 DEBUG cic.cs.unb.ca.jnetpcap.FlowGenerator    FlagFIN current has 36 flow
2026-05-03 15:18:14 INFO  cic.cs.unb.ca.jnetpcap.FlowGenerator    Forward flow closed due to FIN Flag
2026-05-03 15:18:14 INFO  cic.cs.unb.ca.jnetpcap.FlowGenerator    Forward flow closed due to FIN Flag
2026-05-03 15:18:14 INFO  cic.cs.unb.ca.jnetpcap.FlowGenerator    Forward flow closed due to FIN Flag
2026-05-03 15:18:14 DEBUG cic.cs.unb.ca.jnetpcap.FlowGenerator    FlagFIN current has 38 flow
2026-05-03 15:18:14 DEBUG cic.cs.unb.ca.jnetpcap.FlowGenerator    FlagFIN current has 38 flow
2026-05-03 15:18:14 DEBUG cic.cs.unb.ca.jnetpcap.FlowGenerator    FlagFIN current has 38 flow
2026-05-03 15:18:14 INFO  cic.cs.unb.ca.jnetpcap.FlowGenerator    Forward flow closed due to FIN Flag
2026-05-03 15:18:14 DEBUG cic.cs.unb.ca.jnetpcap.FlowGenerator    FlagFIN current has 40 flow
2026-05-03 15:18:14 INFO  cic.cs.unb.ca.jnetpcap.FlowGenerator    Forward flow closed due to FIN Flag
2026-05-03 15:18:14 DEBUG cic.cs.unb.ca.jnetpcap.FlowGenerator    FlagFIN current has 41 flow
2026-05-03 15:18:14 INFO  cic.cs.unb.ca.jnetpcap.FlowGenerator    Forward flow closed due to FIN Flag
2026-05-03 15:18:14 INFO  cic.cs.unb.ca.jnetpcap.FlowGenerator    Forward flow closed due to FIN Flag
2026-05-03 15:18:14 DEBUG cic.cs.unb.ca.jnetpcap.FlowGenerator    FlagFIN current has 43 flow
2026-05-03 15:18:14 DEBUG cic.cs.unb.ca.jnetpcap.FlowGenerator    FlagFIN current has 43 flow
2026-05-03 15:18:15 INFO  cic.cs.unb.ca.jnetpcap.FlowGenerator    Forward flow closed due to FIN Flag
2026-05-03 15:18:15 INFO  cic.cs.unb.ca.jnetpcap.FlowGenerator    Forward flow closed due to FIN Flag
2026-05-03 15:18:15 DEBUG cic.cs.unb.ca.jnetpcap.FlowGenerator    FlagFIN current has 50 flow
2026-05-03 15:18:15 DEBUG cic.cs.unb.ca.jnetpcap.FlowGenerator    FlagFIN current has 50 flow
2026-05-03 15:18:15 INFO  cic.cs.unb.ca.jnetpcap.FlowGenerator    Forward flow closed due to FIN Flag
2026-05-03 15:18:15 DEBUG cic.cs.unb.ca.jnetpcap.FlowGenerator    FlagFIN current has 50 flow
2026-05-03 15:18:15 INFO  cic.cs.unb.ca.jnetpcap.FlowGenerator    Forward flow closed due to FIN Flag
2026-05-03 15:18:15 DEBUG cic.cs.unb.ca.jnetpcap.FlowGenerator    FlagFIN current has 51 flow
2026-05-03 15:18:15 INFO  cic.cs.unb.ca.jnetpcap.FlowGenerator    Forward flow closed due to FIN Flag
2026-05-03 15:18:15 INFO  cic.cs.unb.ca.jnetpcap.FlowGenerator    Forward flow closed due to FIN Flag
2026-05-03 15:18:15 DEBUG cic.cs.unb.ca.jnetpcap.FlowGenerator    FlagFIN current has 58 flow
2026-05-03 15:18:15 INFO  cic.cs.unb.ca.jnetpcap.FlowGenerator    Forward flow closed due to FIN Flag
2026-05-03 15:18:15 INFO  cic.cs.unb.ca.jnetpcap.FlowGenerator    Forward flow closed due to FIN Flag
2026-05-03 15:18:15 DEBUG cic.cs.unb.ca.jnetpcap.FlowGenerator    FlagFIN current has 61 flow
2026-05-03 15:18:15 DEBUG cic.cs.unb.ca.jnetpcap.FlowGenerator    FlagFIN current has 61 flow
2026-05-03 15:18:15 DEBUG cic.cs.unb.ca.jnetpcap.FlowGenerator    FlagRST current has 61 flow
2026-05-03 15:18:15 INFO  cic.cs.unb.ca.jnetpcap.FlowGenerator    Forward flow closed due to FIN Flag
2026-05-03 15:18:15 DEBUG cic.cs.unb.ca.jnetpcap.FlowGenerator    FlagRST current has 63 flow
2026-05-03 15:18:15 INFO  cic.cs.unb.ca.jnetpcap.FlowGenerator    Forward flow closed due to FIN Flag
2026-05-03 15:18:15 INFO  cic.cs.unb.ca.jnetpcap.FlowGenerator    Forward flow closed due to FIN Flag
2026-05-03 15:18:15 DEBUG cic.cs.unb.ca.jnetpcap.FlowGenerator    FlagFIN current has 63 flow
2026-05-03 15:18:15 INFO  cic.cs.unb.ca.jnetpcap.FlowGenerator    Forward flow closed due to FIN Flag
2026-05-03 15:18:15 DEBUG cic.cs.unb.ca.jnetpcap.FlowGenerator    FlagFIN current has 65 flow
2026-05-03 15:18:15 INFO  cic.cs.unb.ca.jnetpcap.FlowGenerator    Forward flow closed due to FIN Flag
2026-05-03 15:18:15 DEBUG cic.cs.unb.ca.jnetpcap.FlowGenerator    FlagFIN current has 66 flow
2026-05-03 15:18:15 INFO  cic.cs.unb.ca.jnetpcap.FlowGenerator    Forward flow closed due to FIN Flag
2026-05-03 15:18:15 INFO  cic.cs.unb.ca.jnetpcap.FlowGenerator    Forward flow closed due to FIN Flag
2026-05-03 15:18:15 DEBUG cic.cs.unb.ca.jnetpcap.FlowGenerator    FlagFIN current has 70 flow
2026-05-03 15:18:15 DEBUG cic.cs.unb.ca.jnetpcap.FlowGenerator    FlagFIN current has 70 flow
2026-05-03 15:18:15 INFO  cic.cs.unb.ca.jnetpcap.FlowGenerator    Forward flow closed due to FIN Flag
2026-05-03 15:18:15 INFO  cic.cs.unb.ca.jnetpcap.FlowGenerator    Forward flow closed due to FIN Flag
2026-05-03 15:18:15 DEBUG cic.cs.unb.ca.jnetpcap.FlowGenerator    FlagFIN current has 80 flow
2026-05-03 15:18:15 DEBUG cic.cs.unb.ca.jnetpcap.FlowGenerator    FlagFIN current has 80 flow
2026-05-03 15:18:15 INFO  cic.cs.unb.ca.jnetpcap.FlowGenerator    Forward flow closed due to FIN Flag
2026-05-03 15:18:15 INFO  cic.cs.unb.ca.jnetpcap.FlowGenerator    Forward flow closed due to FIN Flag
2026-05-03 15:18:15 DEBUG cic.cs.unb.ca.jnetpcap.FlowGenerator    FlagFIN current has 83 flow
2026-05-03 15:18:15 DEBUG cic.cs.unb.ca.jnetpcap.FlowGenerator    FlagFIN current has 83 flow
2026-05-03 15:18:15 INFO  cic.cs.unb.ca.jnetpcap.FlowGenerator    Forward flow closed due to FIN Flag
2026-05-03 15:18:15 INFO  cic.cs.unb.ca.jnetpcap.FlowGenerator    Forward flow closed due to FIN Flag
2026-05-03 15:18:15 DEBUG cic.cs.unb.ca.jnetpcap.FlowGenerator    FlagRST current has 85 flow
2026-05-03 15:18:15 DEBUG cic.cs.unb.ca.jnetpcap.FlowGenerator    FlagRST current has 84 flow
2026-05-03 15:18:15 INFO  cic.cs.unb.ca.jnetpcap.FlowGenerator    Forward flow closed due to FIN Flag
2026-05-03 15:18:15 INFO  cic.cs.unb.ca.jnetpcap.FlowGenerator    Forward flow closed due to FIN Flag
2026-05-03 15:18:15 DEBUG cic.cs.unb.ca.jnetpcap.FlowGenerator    FlagFIN current has 88 flow
2026-05-03 15:18:15 INFO  cic.cs.unb.ca.jnetpcap.FlowGenerator    Forward flow closed due to FIN Flag
2026-05-03 15:18:15 DEBUG cic.cs.unb.ca.jnetpcap.FlowGenerator    FlagFIN current has 89 flow
2026-05-03 15:18:15 INFO  cic.cs.unb.ca.jnetpcap.FlowGenerator    Forward flow closed due to FIN Flag
2026-05-03 15:18:15 INFO  cic.cs.unb.ca.jnetpcap.FlowGenerator    Forward flow closed due to FIN Flag
2026-05-03 15:18:15 DEBUG cic.cs.unb.ca.jnetpcap.FlowGenerator    FlagFIN current has 92 flow
2026-05-03 15:18:15 DEBUG cic.cs.unb.ca.jnetpcap.FlowGenerator    FlagFIN current has 92 flow
2026-05-03 15:18:15 INFO  cic.cs.unb.ca.jnetpcap.FlowGenerator    Forward flow closed due to FIN Flag
2026-05-03 15:18:15 DEBUG cic.cs.unb.ca.jnetpcap.FlowGenerator    FlagFIN current has 95 flow
2026-05-03 15:18:15 INFO  cic.cs.unb.ca.jnetpcap.FlowGenerator    Forward flow closed due to FIN Flag
2026-05-03 15:18:15 INFO  cic.cs.unb.ca.jnetpcap.FlowGenerator    Forward flow closed due to FIN Flag
2026-05-03 15:18:15 DEBUG cic.cs.unb.ca.jnetpcap.FlowGenerator    FlagFIN current has 96 flow
2026-05-03 15:18:15 DEBUG cic.cs.unb.ca.jnetpcap.FlowGenerator    FlagFIN current has 96 flow
2026-05-03 15:18:15 INFO  cic.cs.unb.ca.jnetpcap.FlowGenerator    Forward flow closed due to FIN Flag
2026-05-03 15:18:15 DEBUG cic.cs.unb.ca.jnetpcap.FlowGenerator    FlagFIN current has 100 flow
2026-05-03 15:18:15 INFO  cic.cs.unb.ca.jnetpcap.FlowGenerator    Forward flow closed due to FIN Flag
2026-05-03 15:18:15 DEBUG cic.cs.unb.ca.jnetpcap.FlowGenerator    FlagFIN current has 101 flow
2026-05-03 15:18:15 INFO  cic.cs.unb.ca.jnetpcap.FlowGenerator    Forward flow closed due to FIN Flag
2026-05-03 15:18:15 DEBUG cic.cs.unb.ca.jnetpcap.FlowGenerator    FlagFIN current has 103 flow
2026-05-03 15:18:15 INFO  cic.cs.unb.ca.jnetpcap.FlowGenerator    Forward flow closed due to FIN Flag
2026-05-03 15:18:15 DEBUG cic.cs.unb.ca.jnetpcap.FlowGenerator    FlagFIN current has 104 flow
2026-05-03 15:18:15 INFO  cic.cs.unb.ca.jnetpcap.FlowGenerator    Forward flow closed due to FIN Flag
2026-05-03 15:18:15 DEBUG cic.cs.unb.ca.jnetpcap.FlowGenerator    FlagFIN current has 107 flow
2026-05-03 15:18:15 INFO  cic.cs.unb.ca.jnetpcap.FlowGenerator    Forward flow closed due to FIN Flag
2026-05-03 15:18:15 DEBUG cic.cs.unb.ca.jnetpcap.FlowGenerator    FlagFIN current has 108 flow
2026-05-03 15:18:15 INFO  cic.cs.unb.ca.jnetpcap.FlowGenerator    Forward flow closed due to FIN Flag
2026-05-03 15:18:15 INFO  cic.cs.unb.ca.jnetpcap.FlowGenerator    Forward flow closed due to FIN Flag
2026-05-03 15:18:15 DEBUG cic.cs.unb.ca.jnetpcap.FlowGenerator    FlagFIN current has 115 flow
2026-05-03 15:18:15 DEBUG cic.cs.unb.ca.jnetpcap.FlowGenerator    FlagFIN current has 115 flow
2026-05-03 15:18:15 INFO  cic.cs.unb.ca.jnetpcap.FlowGenerator    Forward flow closed due to FIN Flag
2026-05-03 15:18:15 DEBUG cic.cs.unb.ca.jnetpcap.FlowGenerator    FlagFIN current has 115 flow
2026-05-03 15:18:15 INFO  cic.cs.unb.ca.jnetpcap.FlowGenerator    Forward flow closed due to FIN Flag
2026-05-03 15:18:15 DEBUG cic.cs.unb.ca.jnetpcap.FlowGenerator    FlagFIN current has 116 flow
2026-05-03 15:18:15 INFO  cic.cs.unb.ca.jnetpcap.FlowGenerator    Forward flow closed due to FIN Flag
2026-05-03 15:18:15 DEBUG cic.cs.unb.ca.jnetpcap.FlowGenerator    FlagFIN current has 120 flow
2026-05-03 15:18:15 INFO  cic.cs.unb.ca.jnetpcap.FlowGenerator    Forward flow closed due to FIN Flag
2026-05-03 15:18:15 DEBUG cic.cs.unb.ca.jnetpcap.FlowGenerator    FlagFIN current has 121 flow
2026-05-03 15:18:15 INFO  cic.cs.unb.ca.jnetpcap.FlowGenerator    Forward flow closed due to FIN Flag
2026-05-03 15:18:15 DEBUG cic.cs.unb.ca.jnetpcap.FlowGenerator    FlagFIN current has 124 flow
2026-05-03 15:18:15 INFO  cic.cs.unb.ca.jnetpcap.FlowGenerator    Forward flow closed due to FIN Flag
2026-05-03 15:18:15 DEBUG cic.cs.unb.ca.jnetpcap.FlowGenerator    FlagRST current has 125 flow
2026-05-03 15:18:15 INFO  cic.cs.unb.ca.jnetpcap.FlowGenerator    Forward flow closed due to FIN Flag
2026-05-03 15:18:15 INFO  cic.cs.unb.ca.jnetpcap.FlowGenerator    Forward flow closed due to FIN Flag
2026-05-03 15:18:15 DEBUG cic.cs.unb.ca.jnetpcap.FlowGenerator    FlagFIN current has 127 flow
2026-05-03 15:18:15 DEBUG cic.cs.unb.ca.jnetpcap.FlowGenerator    FlagFIN current has 128 flow
2026-05-03 15:18:15 DEBUG cic.cs.unb.ca.jnetpcap.FlowGenerator    FlagFIN current has 130 flow
2026-05-03 15:18:15 DEBUG cic.cs.unb.ca.jnetpcap.PacketReader    Read All packets on C:\Users\user\Downloads\ids_project_skeleton\ids_project\data\uploads\pcap_b3ab711ee4\input\ids_realtime_Wi-Fi.pcap
2026-05-03 15:32:35 INFO  cic.cs.unb.ca.ifm.Cmd    You select: C:\Users\user\Downloads\ids_project_skeleton\ids_project\data\uploads\pcap_4f41062761\input
2026-05-03 15:32:35 INFO  cic.cs.unb.ca.ifm.Cmd    Out folder: C:\Users\user\Downloads\ids_project_skeleton\ids_project\data\uploads\pcap_4f41062761\output
2026-05-03 15:32:36 INFO  cic.cs.unb.ca.jnetpcap.FlowGenerator    Forward flow closed due to FIN Flag
2026-05-03 15:32:36 DEBUG cic.cs.unb.ca.jnetpcap.FlowGenerator    FlagFIN current has 10 flow
2026-05-03 15:32:36 INFO  cic.cs.unb.ca.jnetpcap.FlowGenerator    Forward flow closed due to FIN Flag
2026-05-03 15:32:36 DEBUG cic.cs.unb.ca.jnetpcap.FlowGenerator    FlagFIN current has 13 flow
2026-05-03 15:32:36 INFO  cic.cs.unb.ca.jnetpcap.FlowGenerator    Forward flow closed due to FIN Flag
2026-05-03 15:32:36 DEBUG cic.cs.unb.ca.jnetpcap.FlowGenerator    FlagFIN current has 13 flow
2026-05-03 15:32:36 INFO  cic.cs.unb.ca.jnetpcap.FlowGenerator    Forward flow closed due to FIN Flag
2026-05-03 15:32:36 DEBUG cic.cs.unb.ca.jnetpcap.FlowGenerator    FlagFIN current has 14 flow
2026-05-03 15:32:36 INFO  cic.cs.unb.ca.jnetpcap.FlowGenerator    Forward flow closed due to FIN Flag
2026-05-03 15:32:36 DEBUG cic.cs.unb.ca.jnetpcap.FlowGenerator    FlagFIN current has 18 flow
2026-05-03 15:32:36 INFO  cic.cs.unb.ca.jnetpcap.FlowGenerator    Forward flow closed due to FIN Flag
2026-05-03 15:32:36 DEBUG cic.cs.unb.ca.jnetpcap.FlowGenerator    FlagFIN current has 19 flow
2026-05-03 15:32:36 INFO  cic.cs.unb.ca.jnetpcap.FlowGenerator    Forward flow closed due to FIN Flag
2026-05-03 15:32:36 DEBUG cic.cs.unb.ca.jnetpcap.FlowGenerator    FlagFIN current has 19 flow
2026-05-03 15:32:36 INFO  cic.cs.unb.ca.jnetpcap.FlowGenerator    Forward flow closed due to FIN Flag
2026-05-03 15:32:36 DEBUG cic.cs.unb.ca.jnetpcap.FlowGenerator    FlagFIN current has 20 flow
2026-05-03 15:32:36 INFO  cic.cs.unb.ca.jnetpcap.FlowGenerator    Forward flow closed due to FIN Flag
2026-05-03 15:32:36 DEBUG cic.cs.unb.ca.jnetpcap.FlowGenerator    FlagFIN current has 23 flow
2026-05-03 15:32:36 INFO  cic.cs.unb.ca.jnetpcap.FlowGenerator    Forward flow closed due to FIN Flag
2026-05-03 15:32:36 DEBUG cic.cs.unb.ca.jnetpcap.FlowGenerator    FlagFIN current has 24 flow
2026-05-03 15:32:36 INFO  cic.cs.unb.ca.jnetpcap.FlowGenerator    Forward flow closed due to FIN Flag
2026-05-03 15:32:36 INFO  cic.cs.unb.ca.jnetpcap.FlowGenerator    Forward flow closed due to FIN Flag
2026-05-03 15:32:36 DEBUG cic.cs.unb.ca.jnetpcap.FlowGenerator    FlagFIN current has 34 flow
2026-05-03 15:32:36 INFO  cic.cs.unb.ca.jnetpcap.FlowGenerator    Forward flow closed due to FIN Flag
2026-05-03 15:32:36 DEBUG cic.cs.unb.ca.jnetpcap.FlowGenerator    FlagFIN current has 34 flow
2026-05-03 15:32:36 DEBUG cic.cs.unb.ca.jnetpcap.FlowGenerator    FlagFIN current has 34 flow
2026-05-03 15:32:36 INFO  cic.cs.unb.ca.jnetpcap.FlowGenerator    Forward flow closed due to FIN Flag
2026-05-03 15:32:36 DEBUG cic.cs.unb.ca.jnetpcap.FlowGenerator    FlagFIN current has 35 flow
2026-05-03 15:32:36 INFO  cic.cs.unb.ca.jnetpcap.FlowGenerator    Forward flow closed due to FIN Flag
2026-05-03 15:32:36 INFO  cic.cs.unb.ca.jnetpcap.FlowGenerator    Forward flow closed due to FIN Flag
2026-05-03 15:32:36 DEBUG cic.cs.unb.ca.jnetpcap.FlowGenerator    FlagFIN current has 35 flow
2026-05-03 15:32:36 DEBUG cic.cs.unb.ca.jnetpcap.FlowGenerator    FlagFIN current has 36 flow
2026-05-03 15:32:36 INFO  cic.cs.unb.ca.jnetpcap.FlowGenerator    Forward flow closed due to FIN Flag
2026-05-03 15:32:36 DEBUG cic.cs.unb.ca.jnetpcap.FlowGenerator    FlagFIN current has 39 flow
2026-05-03 15:32:36 INFO  cic.cs.unb.ca.jnetpcap.FlowGenerator    Forward flow closed due to FIN Flag
2026-05-03 15:32:36 DEBUG cic.cs.unb.ca.jnetpcap.FlowGenerator    FlagFIN current has 39 flow
2026-05-03 15:32:36 DEBUG cic.cs.unb.ca.jnetpcap.PacketReader    null
********************************************************************************
0000:*22 7b bf c8  28 fe a0 e7* 0b b6 d1 f4  08 06 00 01    "{..(...........
0010: 08 00 06 04  00 01 a0 e7  0b b6 d1 f4  c0 a8 01 05    ................
0020: 22 7b bf c8  28 fe c0 a8  01 06*                      "{..(.....      


2026-05-03 15:32:36 INFO  cic.cs.unb.ca.jnetpcap.FlowGenerator    Forward flow closed due to FIN Flag
2026-05-03 15:32:36 DEBUG cic.cs.unb.ca.jnetpcap.FlowGenerator    FlagFIN current has 41 flow
2026-05-03 15:32:36 INFO  cic.cs.unb.ca.jnetpcap.FlowGenerator    Forward flow closed due to FIN Flag
2026-05-03 15:32:36 DEBUG cic.cs.unb.ca.jnetpcap.FlowGenerator    FlagFIN current has 42 flow
2026-05-03 15:32:36 INFO  cic.cs.unb.ca.jnetpcap.FlowGenerator    Forward flow closed due to FIN Flag
2026-05-03 15:32:36 DEBUG cic.cs.unb.ca.jnetpcap.FlowGenerator    FlagFIN current has 47 flow
2026-05-03 15:32:36 INFO  cic.cs.unb.ca.jnetpcap.FlowGenerator    Forward flow closed due to FIN Flag
2026-05-03 15:32:36 DEBUG cic.cs.unb.ca.jnetpcap.FlowGenerator    FlagRST current has 48 flow
2026-05-03 15:32:36 INFO  cic.cs.unb.ca.jnetpcap.FlowGenerator    Forward flow closed due to FIN Flag
2026-05-03 15:32:36 DEBUG cic.cs.unb.ca.jnetpcap.FlowGenerator    FlagFIN current has 54 flow
2026-05-03 15:32:36 INFO  cic.cs.unb.ca.jnetpcap.FlowGenerator    Forward flow closed due to FIN Flag
2026-05-03 15:32:36 INFO  cic.cs.unb.ca.jnetpcap.FlowGenerator    Forward flow closed due to FIN Flag
2026-05-03 15:32:36 INFO  cic.cs.unb.ca.jnetpcap.FlowGenerator    Forward flow closed due to FIN Flag
2026-05-03 15:32:36 INFO  cic.cs.unb.ca.jnetpcap.FlowGenerator    Forward flow closed due to FIN Flag
2026-05-03 15:32:36 DEBUG cic.cs.unb.ca.jnetpcap.FlowGenerator    FlagFIN current has 56 flow
2026-05-03 15:32:36 INFO  cic.cs.unb.ca.jnetpcap.FlowGenerator    Forward flow closed due to FIN Flag
2026-05-03 15:32:36 DEBUG cic.cs.unb.ca.jnetpcap.FlowGenerator    FlagRST current has 56 flow
2026-05-03 15:32:36 DEBUG cic.cs.unb.ca.jnetpcap.FlowGenerator    FlagFIN current has 57 flow
2026-05-03 15:32:36 DEBUG cic.cs.unb.ca.jnetpcap.FlowGenerator    FlagFIN current has 57 flow
2026-05-03 15:32:36 DEBUG cic.cs.unb.ca.jnetpcap.FlowGenerator    FlagFIN current has 56 flow
2026-05-03 15:32:36 INFO  cic.cs.unb.ca.jnetpcap.FlowGenerator    Forward flow closed due to FIN Flag
2026-05-03 15:32:36 DEBUG cic.cs.unb.ca.jnetpcap.FlowGenerator    FlagFIN current has 61 flow
2026-05-03 15:32:36 INFO  cic.cs.unb.ca.jnetpcap.FlowGenerator    Forward flow closed due to FIN Flag
2026-05-03 15:32:36 INFO  cic.cs.unb.ca.jnetpcap.FlowGenerator    Forward flow closed due to FIN Flag
2026-05-03 15:32:36 DEBUG cic.cs.unb.ca.jnetpcap.FlowGenerator    FlagFIN current has 62 flow
2026-05-03 15:32:36 DEBUG cic.cs.unb.ca.jnetpcap.FlowGenerator    FlagFIN current has 62 flow
2026-05-03 15:32:36 INFO  cic.cs.unb.ca.jnetpcap.FlowGenerator    Forward flow closed due to FIN Flag
2026-05-03 15:32:36 DEBUG cic.cs.unb.ca.jnetpcap.FlowGenerator    FlagFIN current has 64 flow
2026-05-03 15:32:36 INFO  cic.cs.unb.ca.jnetpcap.FlowGenerator    Forward flow closed due to FIN Flag
2026-05-03 15:32:36 DEBUG cic.cs.unb.ca.jnetpcap.FlowGenerator    FlagFIN current has 66 flow
2026-05-03 15:32:36 INFO  cic.cs.unb.ca.jnetpcap.FlowGenerator    Forward flow closed due to FIN Flag
2026-05-03 15:32:36 DEBUG cic.cs.unb.ca.jnetpcap.FlowGenerator    FlagFIN current has 68 flow
2026-05-03 15:32:36 INFO  cic.cs.unb.ca.jnetpcap.FlowGenerator    Forward flow closed due to FIN Flag
2026-05-03 15:32:36 DEBUG cic.cs.unb.ca.jnetpcap.FlowGenerator    FlagRST current has 69 flow
2026-05-03 15:32:36 INFO  cic.cs.unb.ca.jnetpcap.FlowGenerator    Forward flow closed due to FIN Flag
2026-05-03 15:32:36 DEBUG cic.cs.unb.ca.jnetpcap.FlowGenerator    FlagFIN current has 71 flow
2026-05-03 15:32:36 INFO  cic.cs.unb.ca.jnetpcap.FlowGenerator    Forward flow closed due to FIN Flag
2026-05-03 15:32:36 DEBUG cic.cs.unb.ca.jnetpcap.FlowGenerator    FlagFIN current has 72 flow
2026-05-03 15:32:36 INFO  cic.cs.unb.ca.jnetpcap.FlowGenerator    Forward flow closed due to FIN Flag
2026-05-03 15:32:36 INFO  cic.cs.unb.ca.jnetpcap.FlowGenerator    Forward flow closed due to FIN Flag
2026-05-03 15:32:36 DEBUG cic.cs.unb.ca.jnetpcap.FlowGenerator    FlagFIN current has 76 flow
2026-05-03 15:32:36 DEBUG cic.cs.unb.ca.jnetpcap.FlowGenerator    FlagFIN current has 75 flow
2026-05-03 15:32:36 INFO  cic.cs.unb.ca.jnetpcap.FlowGenerator    Forward flow closed due to FIN Flag
2026-05-03 15:32:36 DEBUG cic.cs.unb.ca.jnetpcap.FlowGenerator    FlagFIN current has 81 flow
2026-05-03 15:32:36 INFO  cic.cs.unb.ca.jnetpcap.FlowGenerator    Forward flow closed due to FIN Flag
2026-05-03 15:32:36 DEBUG cic.cs.unb.ca.jnetpcap.FlowGenerator    FlagRST current has 82 flow
2026-05-03 15:32:36 INFO  cic.cs.unb.ca.jnetpcap.FlowGenerator    Forward flow closed due to FIN Flag
2026-05-03 15:32:36 INFO  cic.cs.unb.ca.jnetpcap.FlowGenerator    Forward flow closed due to FIN Flag
2026-05-03 15:32:36 DEBUG cic.cs.unb.ca.jnetpcap.FlowGenerator    FlagFIN current has 82 flow
2026-05-03 15:32:36 DEBUG cic.cs.unb.ca.jnetpcap.FlowGenerator    FlagFIN current has 83 flow
2026-05-03 15:32:36 INFO  cic.cs.unb.ca.jnetpcap.FlowGenerator    Forward flow closed due to FIN Flag
2026-05-03 15:32:36 DEBUG cic.cs.unb.ca.jnetpcap.FlowGenerator    FlagFIN current has 89 flow
2026-05-03 15:32:36 INFO  cic.cs.unb.ca.jnetpcap.FlowGenerator    Forward flow closed due to FIN Flag
2026-05-03 15:32:36 DEBUG cic.cs.unb.ca.jnetpcap.FlowGenerator    FlagFIN current has 90 flow
2026-05-03 15:32:36 INFO  cic.cs.unb.ca.jnetpcap.FlowGenerator    Forward flow closed due to FIN Flag
2026-05-03 15:32:36 DEBUG cic.cs.unb.ca.jnetpcap.FlowGenerator    FlagFIN current has 92 flow
2026-05-03 15:32:36 INFO  cic.cs.unb.ca.jnetpcap.FlowGenerator    Forward flow closed due to FIN Flag
2026-05-03 15:32:36 DEBUG cic.cs.unb.ca.jnetpcap.FlowGenerator    FlagRST current has 96 flow
2026-05-03 15:32:36 INFO  cic.cs.unb.ca.jnetpcap.FlowGenerator    Forward flow closed due to FIN Flag
2026-05-03 15:32:36 DEBUG cic.cs.unb.ca.jnetpcap.FlowGenerator    FlagFIN current has 97 flow
2026-05-03 15:32:36 INFO  cic.cs.unb.ca.jnetpcap.FlowGenerator    Forward flow closed due to FIN Flag
2026-05-03 15:32:36 DEBUG cic.cs.unb.ca.jnetpcap.FlowGenerator    FlagFIN current has 98 flow
2026-05-03 15:32:36 INFO  cic.cs.unb.ca.jnetpcap.FlowGenerator    Forward flow closed due to FIN Flag
2026-05-03 15:32:36 DEBUG cic.cs.unb.ca.jnetpcap.FlowGenerator    FlagFIN current has 98 flow
2026-05-03 15:32:36 INFO  cic.cs.unb.ca.jnetpcap.FlowGenerator    Forward flow closed due to FIN Flag
2026-05-03 15:32:36 DEBUG cic.cs.unb.ca.jnetpcap.FlowGenerator    FlagFIN current has 99 flow
2026-05-03 15:32:36 INFO  cic.cs.unb.ca.jnetpcap.FlowGenerator    Forward flow closed due to FIN Flag
2026-05-03 15:32:36 INFO  cic.cs.unb.ca.jnetpcap.FlowGenerator    Forward flow closed due to FIN Flag
2026-05-03 15:32:36 DEBUG cic.cs.unb.ca.jnetpcap.FlowGenerator    FlagFIN current has 102 flow
2026-05-03 15:32:36 DEBUG cic.cs.unb.ca.jnetpcap.FlowGenerator    FlagFIN current has 101 flow
2026-05-03 15:32:36 INFO  cic.cs.unb.ca.jnetpcap.FlowGenerator    Forward flow closed due to FIN Flag
2026-05-03 15:32:36 DEBUG cic.cs.unb.ca.jnetpcap.FlowGenerator    FlagFIN current has 104 flow
2026-05-03 15:32:36 INFO  cic.cs.unb.ca.jnetpcap.FlowGenerator    Forward flow closed due to FIN Flag
2026-05-03 15:32:36 DEBUG cic.cs.unb.ca.jnetpcap.FlowGenerator    FlagFIN current has 105 flow
2026-05-03 15:32:36 INFO  cic.cs.unb.ca.jnetpcap.FlowGenerator    Forward flow closed due to FIN Flag
2026-05-03 15:32:36 DEBUG cic.cs.unb.ca.jnetpcap.FlowGenerator    FlagFIN current has 106 flow
2026-05-03 15:32:36 INFO  cic.cs.unb.ca.jnetpcap.FlowGenerator    Forward flow closed due to FIN Flag
2026-05-03 15:32:36 DEBUG cic.cs.unb.ca.jnetpcap.FlowGenerator    FlagFIN current has 108 flow
2026-05-03 15:32:36 INFO  cic.cs.unb.ca.jnetpcap.FlowGenerator    Forward flow closed due to FIN Flag
2026-05-03 15:32:36 DEBUG cic.cs.unb.ca.jnetpcap.FlowGenerator    FlagFIN current has 109 flow
2026-05-03 15:32:36 INFO  cic.cs.unb.ca.jnetpcap.FlowGenerator    Forward flow closed due to FIN Flag
2026-05-03 15:32:36 DEBUG cic.cs.unb.ca.jnetpcap.FlowGenerator    FlagFIN current has 113 flow
2026-05-03 15:32:36 INFO  cic.cs.unb.ca.jnetpcap.FlowGenerator    Forward flow closed due to FIN Flag
2026-05-03 15:32:36 DEBUG cic.cs.unb.ca.jnetpcap.FlowGenerator    FlagFIN current has 115 flow
2026-05-03 15:32:36 INFO  cic.cs.unb.ca.jnetpcap.FlowGenerator    Forward flow closed due to FIN Flag
2026-05-03 15:32:36 DEBUG cic.cs.unb.ca.jnetpcap.FlowGenerator    FlagFIN current has 122 flow
2026-05-03 15:32:36 INFO  cic.cs.unb.ca.jnetpcap.FlowGenerator    Forward flow closed due to FIN Flag
2026-05-03 15:32:36 DEBUG cic.cs.unb.ca.jnetpcap.FlowGenerator    FlagFIN current has 123 flow
2026-05-03 15:32:36 INFO  cic.cs.unb.ca.jnetpcap.FlowGenerator    Forward flow closed due to FIN Flag
2026-05-03 15:32:36 DEBUG cic.cs.unb.ca.jnetpcap.FlowGenerator    FlagFIN current has 123 flow
2026-05-03 15:32:36 INFO  cic.cs.unb.ca.jnetpcap.FlowGenerator    Forward flow closed due to FIN Flag
2026-05-03 15:32:36 DEBUG cic.cs.unb.ca.jnetpcap.FlowGenerator    FlagFIN current has 123 flow
2026-05-03 15:32:36 INFO  cic.cs.unb.ca.jnetpcap.FlowGenerator    Forward flow closed due to FIN Flag
2026-05-03 15:32:36 INFO  cic.cs.unb.ca.jnetpcap.FlowGenerator    Forward flow closed due to FIN Flag
2026-05-03 15:32:36 DEBUG cic.cs.unb.ca.jnetpcap.FlowGenerator    FlagFIN current has 123 flow
2026-05-03 15:32:36 DEBUG cic.cs.unb.ca.jnetpcap.FlowGenerator    FlagFIN current has 124 flow
2026-05-03 15:32:36 DEBUG cic.cs.unb.ca.jnetpcap.PacketReader    Read All packets on C:\Users\user\Downloads\ids_project_skeleton\ids_project\data\uploads\pcap_4f41062761\input\ids_realtime_Wi-Fi.pcap
2026-05-03 15:36:56 INFO  cic.cs.unb.ca.ifm.Cmd    You select: C:\Users\user\Downloads\ids_project_skeleton\ids_project\data\uploads\pcap_5c199a74c8\input
2026-05-03 15:36:56 INFO  cic.cs.unb.ca.ifm.Cmd    Out folder: C:\Users\user\Downloads\ids_project_skeleton\ids_project\data\uploads\pcap_5c199a74c8\output
2026-05-03 15:36:57 DEBUG cic.cs.unb.ca.jnetpcap.FlowGenerator    FlagFIN current has 2 flow
2026-05-03 15:36:57 DEBUG cic.cs.unb.ca.jnetpcap.FlowGenerator    FlagRST current has 2 flow
2026-05-03 15:36:57 INFO  cic.cs.unb.ca.jnetpcap.FlowGenerator    Forward flow closed due to FIN Flag
2026-05-03 15:36:57 INFO  cic.cs.unb.ca.jnetpcap.FlowGenerator    Forward flow closed due to FIN Flag
2026-05-03 15:36:57 DEBUG cic.cs.unb.ca.jnetpcap.FlowGenerator    FlagFIN current has 7 flow
2026-05-03 15:36:57 DEBUG cic.cs.unb.ca.jnetpcap.FlowGenerator    FlagFIN current has 7 flow
2026-05-03 15:36:57 INFO  cic.cs.unb.ca.jnetpcap.FlowGenerator    Forward flow closed due to FIN Flag
2026-05-03 15:36:57 DEBUG cic.cs.unb.ca.jnetpcap.FlowGenerator    FlagRST current has 8 flow
2026-05-03 15:36:57 INFO  cic.cs.unb.ca.jnetpcap.FlowGenerator    Forward flow closed due to FIN Flag
2026-05-03 15:36:57 DEBUG cic.cs.unb.ca.jnetpcap.FlowGenerator    FlagRST current has 12 flow
2026-05-03 15:36:57 INFO  cic.cs.unb.ca.jnetpcap.FlowGenerator    Forward flow closed due to FIN Flag
2026-05-03 15:36:57 DEBUG cic.cs.unb.ca.jnetpcap.FlowGenerator    FlagFIN current has 13 flow
2026-05-03 15:36:57 INFO  cic.cs.unb.ca.jnetpcap.FlowGenerator    Forward flow closed due to FIN Flag
2026-05-03 15:36:57 DEBUG cic.cs.unb.ca.jnetpcap.FlowGenerator    FlagFIN current has 21 flow
2026-05-03 15:36:57 INFO  cic.cs.unb.ca.jnetpcap.FlowGenerator    Forward flow closed due to FIN Flag
2026-05-03 15:36:57 DEBUG cic.cs.unb.ca.jnetpcap.FlowGenerator    FlagFIN current has 22 flow
2026-05-03 15:36:57 DEBUG cic.cs.unb.ca.jnetpcap.PacketReader    Read All packets on C:\Users\user\Downloads\ids_project_skeleton\ids_project\data\uploads\pcap_5c199a74c8\input\ids_realtime_Wi-Fi.pcap
2026-05-03 23:01:30 INFO  cic.cs.unb.ca.ifm.Cmd    You select: C:\Users\user\Downloads\ids_project_skeleton\ids_project\data\uploads\pcap_2ef9b390ff\input
2026-05-03 23:01:30 INFO  cic.cs.unb.ca.ifm.Cmd    Out folder: C:\Users\user\Downloads\ids_project_skeleton\ids_project\data\uploads\pcap_2ef9b390ff\output
2026-05-03 23:01:31 DEBUG cic.cs.unb.ca.jnetpcap.PacketReader    Read All packets on C:\Users\user\Downloads\ids_project_skeleton\ids_project\data\uploads\pcap_2ef9b390ff\input\ids_chunk_Wi-Fi_1.pcap
2026-05-03 23:01:42 INFO  cic.cs.unb.ca.ifm.Cmd    You select: C:\Users\user\Downloads\ids_project_skeleton\ids_project\data\uploads\pcap_93587c50bd\input
2026-05-03 23:01:42 INFO  cic.cs.unb.ca.ifm.Cmd    Out folder: C:\Users\user\Downloads\ids_project_skeleton\ids_project\data\uploads\pcap_93587c50bd\output
2026-05-03 23:01:44 DEBUG cic.cs.unb.ca.jnetpcap.PacketReader    Read All packets on C:\Users\user\Downloads\ids_project_skeleton\ids_project\data\uploads\pcap_93587c50bd\input\ids_chunk_Wi-Fi_2.pcap
2026-05-03 23:01:51 INFO  cic.cs.unb.ca.ifm.Cmd    You select: C:\Users\user\Downloads\ids_project_skeleton\ids_project\data\uploads\pcap_2013cc4b81\input
2026-05-03 23:01:51 INFO  cic.cs.unb.ca.ifm.Cmd    Out folder: C:\Users\user\Downloads\ids_project_skeleton\ids_project\data\uploads\pcap_2013cc4b81\output
2026-05-03 23:01:52 DEBUG cic.cs.unb.ca.jnetpcap.FlowGenerator    FlagRST current has 5 flow
2026-05-03 23:01:52 DEBUG cic.cs.unb.ca.jnetpcap.PacketReader    Read All packets on C:\Users\user\Downloads\ids_project_skeleton\ids_project\data\uploads\pcap_2013cc4b81\input\ids_chunk_Wi-Fi_3.pcap
2026-05-03 23:02:25 INFO  cic.cs.unb.ca.ifm.Cmd    You select: C:\Users\user\Downloads\ids_project_skeleton\ids_project\data\uploads\pcap_0a7ade13ed\input
2026-05-03 23:02:25 INFO  cic.cs.unb.ca.ifm.Cmd    Out folder: C:\Users\user\Downloads\ids_project_skeleton\ids_project\data\uploads\pcap_0a7ade13ed\output
2026-05-03 23:02:26 INFO  cic.cs.unb.ca.jnetpcap.FlowGenerator    Forward flow closed due to FIN Flag
2026-05-03 23:02:26 DEBUG cic.cs.unb.ca.jnetpcap.FlowGenerator    FlagFIN current has 4 flow
2026-05-03 23:02:26 INFO  cic.cs.unb.ca.jnetpcap.FlowGenerator    Forward flow closed due to FIN Flag
2026-05-03 23:02:26 DEBUG cic.cs.unb.ca.jnetpcap.FlowGenerator    FlagFIN current has 5 flow
2026-05-03 23:02:26 INFO  cic.cs.unb.ca.jnetpcap.FlowGenerator    Forward flow closed due to FIN Flag
2026-05-03 23:02:26 DEBUG cic.cs.unb.ca.jnetpcap.FlowGenerator    FlagFIN current has 10 flow
2026-05-03 23:02:26 INFO  cic.cs.unb.ca.jnetpcap.FlowGenerator    Forward flow closed due to FIN Flag
2026-05-03 23:02:27 DEBUG cic.cs.unb.ca.jnetpcap.FlowGenerator    FlagFIN current has 11 flow
2026-05-03 23:02:27 INFO  cic.cs.unb.ca.jnetpcap.FlowGenerator    Forward flow closed due to FIN Flag
2026-05-03 23:02:27 DEBUG cic.cs.unb.ca.jnetpcap.FlowGenerator    FlagFIN current has 11 flow
2026-05-03 23:02:27 INFO  cic.cs.unb.ca.jnetpcap.FlowGenerator    Forward flow closed due to FIN Flag
2026-05-03 23:02:27 DEBUG cic.cs.unb.ca.jnetpcap.FlowGenerator    FlagFIN current has 12 flow
2026-05-03 23:02:27 INFO  cic.cs.unb.ca.jnetpcap.FlowGenerator    Forward flow closed due to FIN Flag
2026-05-03 23:02:27 INFO  cic.cs.unb.ca.jnetpcap.FlowGenerator    Forward flow closed due to FIN Flag
2026-05-03 23:02:27 INFO  cic.cs.unb.ca.jnetpcap.FlowGenerator    Forward flow closed due to FIN Flag
2026-05-03 23:02:27 INFO  cic.cs.unb.ca.jnetpcap.FlowGenerator    Forward flow closed due to FIN Flag
2026-05-03 23:02:27 INFO  cic.cs.unb.ca.jnetpcap.FlowGenerator    Forward flow closed due to FIN Flag
2026-05-03 23:02:27 INFO  cic.cs.unb.ca.jnetpcap.FlowGenerator    Forward flow closed due to FIN Flag
2026-05-03 23:02:27 DEBUG cic.cs.unb.ca.jnetpcap.FlowGenerator    FlagFIN current has 42 flow
2026-05-03 23:02:27 DEBUG cic.cs.unb.ca.jnetpcap.FlowGenerator    FlagRST current has 42 flow
2026-05-03 23:02:27 DEBUG cic.cs.unb.ca.jnetpcap.FlowGenerator    FlagRST current has 41 flow
2026-05-03 23:02:27 INFO  cic.cs.unb.ca.jnetpcap.FlowGenerator    Forward flow closed due to FIN Flag
2026-05-03 23:02:27 INFO  cic.cs.unb.ca.jnetpcap.FlowGenerator    Forward flow closed due to FIN Flag
2026-05-03 23:02:27 DEBUG cic.cs.unb.ca.jnetpcap.FlowGenerator    FlagFIN current has 42 flow
2026-05-03 23:02:27 INFO  cic.cs.unb.ca.jnetpcap.FlowGenerator    Forward flow closed due to FIN Flag
2026-05-03 23:02:27 INFO  cic.cs.unb.ca.jnetpcap.FlowGenerator    Forward flow closed due to FIN Flag
2026-05-03 23:02:27 INFO  cic.cs.unb.ca.jnetpcap.FlowGenerator    Forward flow closed due to FIN Flag
2026-05-03 23:02:27 DEBUG cic.cs.unb.ca.jnetpcap.FlowGenerator    FlagFIN current has 46 flow
2026-05-03 23:02:27 DEBUG cic.cs.unb.ca.jnetpcap.FlowGenerator    FlagFIN current has 47 flow
2026-05-03 23:02:27 DEBUG cic.cs.unb.ca.jnetpcap.FlowGenerator    FlagFIN current has 57 flow
2026-05-03 23:02:27 INFO  cic.cs.unb.ca.jnetpcap.FlowGenerator    Forward flow closed due to FIN Flag
2026-05-03 23:02:27 DEBUG cic.cs.unb.ca.jnetpcap.FlowGenerator    FlagRST current has 84 flow
2026-05-03 23:02:27 INFO  cic.cs.unb.ca.jnetpcap.FlowGenerator    Forward flow closed due to FIN Flag
2026-05-03 23:02:27 INFO  cic.cs.unb.ca.jnetpcap.FlowGenerator    Forward flow closed due to FIN Flag
2026-05-03 23:02:27 INFO  cic.cs.unb.ca.jnetpcap.FlowGenerator    Forward flow closed due to FIN Flag
2026-05-03 23:02:27 INFO  cic.cs.unb.ca.jnetpcap.FlowGenerator    Forward flow closed due to FIN Flag
2026-05-03 23:02:27 INFO  cic.cs.unb.ca.jnetpcap.FlowGenerator    Forward flow closed due to FIN Flag
2026-05-03 23:02:27 INFO  cic.cs.unb.ca.jnetpcap.FlowGenerator    Forward flow closed due to FIN Flag
2026-05-03 23:02:27 INFO  cic.cs.unb.ca.jnetpcap.FlowGenerator    Forward flow closed due to FIN Flag
2026-05-03 23:02:27 INFO  cic.cs.unb.ca.jnetpcap.FlowGenerator    Forward flow closed due to FIN Flag
2026-05-03 23:02:27 DEBUG cic.cs.unb.ca.jnetpcap.FlowGenerator    FlagRST current has 93 flow
2026-05-03 23:02:27 DEBUG cic.cs.unb.ca.jnetpcap.FlowGenerator    FlagFIN current has 92 flow
2026-05-03 23:02:27 DEBUG cic.cs.unb.ca.jnetpcap.FlowGenerator    FlagRST current has 92 flow
2026-05-03 23:02:27 INFO  cic.cs.unb.ca.jnetpcap.FlowGenerator    Forward flow closed due to FIN Flag
2026-05-03 23:02:27 DEBUG cic.cs.unb.ca.jnetpcap.FlowGenerator    FlagRST current has 92 flow
2026-05-03 23:02:27 DEBUG cic.cs.unb.ca.jnetpcap.FlowGenerator    FlagRST current has 92 flow
2026-05-03 23:02:27 DEBUG cic.cs.unb.ca.jnetpcap.FlowGenerator    FlagFIN current has 92 flow
2026-05-03 23:02:27 DEBUG cic.cs.unb.ca.jnetpcap.FlowGenerator    FlagFIN current has 91 flow
2026-05-03 23:02:27 DEBUG cic.cs.unb.ca.jnetpcap.FlowGenerator    FlagFIN current has 92 flow
2026-05-03 23:02:27 DEBUG cic.cs.unb.ca.jnetpcap.FlowGenerator    FlagRST current has 92 flow
2026-05-03 23:02:27 DEBUG cic.cs.unb.ca.jnetpcap.FlowGenerator    FlagRST current has 91 flow
2026-05-03 23:02:27 DEBUG cic.cs.unb.ca.jnetpcap.PacketReader    Read All packets on C:\Users\user\Downloads\ids_project_skeleton\ids_project\data\uploads\pcap_0a7ade13ed\input\ids_chunk_Wi-Fi_1.pcap
2026-05-03 23:02:44 INFO  cic.cs.unb.ca.ifm.Cmd    You select: C:\Users\user\Downloads\ids_project_skeleton\ids_project\data\uploads\pcap_0d25abdee6\input
2026-05-03 23:02:44 INFO  cic.cs.unb.ca.ifm.Cmd    Out folder: C:\Users\user\Downloads\ids_project_skeleton\ids_project\data\uploads\pcap_0d25abdee6\output
2026-05-03 23:02:45 DEBUG cic.cs.unb.ca.jnetpcap.FlowGenerator    FlagFIN current has 2 flow
2026-05-03 23:02:45 DEBUG cic.cs.unb.ca.jnetpcap.FlowGenerator    FlagRST current has 2 flow
2026-05-03 23:02:45 INFO  cic.cs.unb.ca.jnetpcap.FlowGenerator    Forward flow closed due to FIN Flag
2026-05-03 23:02:45 DEBUG cic.cs.unb.ca.jnetpcap.PacketReader    Read All packets on C:\Users\user\Downloads\ids_project_skeleton\ids_project\data\uploads\pcap_0d25abdee6\input\ids_chunk_Wi-Fi_2.pcap
2026-05-03 23:02:53 INFO  cic.cs.unb.ca.ifm.Cmd    You select: C:\Users\user\Downloads\ids_project_skeleton\ids_project\data\uploads\pcap_82f83df5d2\input
2026-05-03 23:02:53 INFO  cic.cs.unb.ca.ifm.Cmd    Out folder: C:\Users\user\Downloads\ids_project_skeleton\ids_project\data\uploads\pcap_82f83df5d2\output
2026-05-03 23:02:54 DEBUG cic.cs.unb.ca.jnetpcap.PacketReader    Read All packets on C:\Users\user\Downloads\ids_project_skeleton\ids_project\data\uploads\pcap_82f83df5d2\input\ids_chunk_Wi-Fi_3.pcap
2026-05-03 23:13:19 INFO  cic.cs.unb.ca.ifm.Cmd    You select: C:\Users\user\Downloads\ids_project_skeleton\ids_project\data\uploads\pcap_f8790bd611\input
2026-05-03 23:13:19 INFO  cic.cs.unb.ca.ifm.Cmd    Out folder: C:\Users\user\Downloads\ids_project_skeleton\ids_project\data\uploads\pcap_f8790bd611\output
2026-05-03 23:13:21 DEBUG cic.cs.unb.ca.jnetpcap.PacketReader    Read All packets on C:\Users\user\Downloads\ids_project_skeleton\ids_project\data\uploads\pcap_f8790bd611\input\ids_chunk_Wi-Fi_1.pcap
2026-05-03 23:13:31 INFO  cic.cs.unb.ca.ifm.Cmd    You select: C:\Users\user\Downloads\ids_project_skeleton\ids_project\data\uploads\pcap_ba6f724c33\input
2026-05-03 23:13:31 INFO  cic.cs.unb.ca.ifm.Cmd    Out folder: C:\Users\user\Downloads\ids_project_skeleton\ids_project\data\uploads\pcap_ba6f724c33\output
2026-05-03 23:13:32 DEBUG cic.cs.unb.ca.jnetpcap.PacketReader    Read All packets on C:\Users\user\Downloads\ids_project_skeleton\ids_project\data\uploads\pcap_ba6f724c33\input\ids_chunk_Wi-Fi_2.pcap
2026-05-03 23:13:40 INFO  cic.cs.unb.ca.ifm.Cmd    You select: C:\Users\user\Downloads\ids_project_skeleton\ids_project\data\uploads\pcap_d66118d5fe\input
2026-05-03 23:13:40 INFO  cic.cs.unb.ca.ifm.Cmd    Out folder: C:\Users\user\Downloads\ids_project_skeleton\ids_project\data\uploads\pcap_d66118d5fe\output
2026-05-03 23:13:42 DEBUG cic.cs.unb.ca.jnetpcap.PacketReader    Read All packets on C:\Users\user\Downloads\ids_project_skeleton\ids_project\data\uploads\pcap_d66118d5fe\input\ids_chunk_Wi-Fi_3.pcap
2026-05-03 23:13:57 INFO  cic.cs.unb.ca.ifm.Cmd    You select: C:\Users\user\Downloads\ids_project_skeleton\ids_project\data\uploads\pcap_9a1e5c1836\input
2026-05-03 23:13:57 INFO  cic.cs.unb.ca.ifm.Cmd    Out folder: C:\Users\user\Downloads\ids_project_skeleton\ids_project\data\uploads\pcap_9a1e5c1836\output
2026-05-03 23:13:58 DEBUG cic.cs.unb.ca.jnetpcap.PacketReader    Read All packets on C:\Users\user\Downloads\ids_project_skeleton\ids_project\data\uploads\pcap_9a1e5c1836\input\ids_chunk_Wi-Fi_1.pcap
2026-05-03 23:14:06 INFO  cic.cs.unb.ca.ifm.Cmd    You select: C:\Users\user\Downloads\ids_project_skeleton\ids_project\data\uploads\pcap_3d12d16de2\input
2026-05-03 23:14:06 INFO  cic.cs.unb.ca.ifm.Cmd    Out folder: C:\Users\user\Downloads\ids_project_skeleton\ids_project\data\uploads\pcap_3d12d16de2\output
2026-05-03 23:14:07 DEBUG cic.cs.unb.ca.jnetpcap.PacketReader    Read All packets on C:\Users\user\Downloads\ids_project_skeleton\ids_project\data\uploads\pcap_3d12d16de2\input\ids_chunk_Wi-Fi_2.pcap
2026-05-03 23:14:14 INFO  cic.cs.unb.ca.ifm.Cmd    You select: C:\Users\user\Downloads\ids_project_skeleton\ids_project\data\uploads\pcap_2a7e6a400a\input
2026-05-03 23:14:14 INFO  cic.cs.unb.ca.ifm.Cmd    Out folder: C:\Users\user\Downloads\ids_project_skeleton\ids_project\data\uploads\pcap_2a7e6a400a\output
2026-05-03 23:14:16 INFO  cic.cs.unb.ca.jnetpcap.FlowGenerator    Forward flow closed due to FIN Flag
2026-05-03 23:14:16 DEBUG cic.cs.unb.ca.jnetpcap.FlowGenerator    FlagFIN current has 24 flow
2026-05-03 23:14:16 INFO  cic.cs.unb.ca.jnetpcap.FlowGenerator    Forward flow closed due to FIN Flag
2026-05-03 23:14:16 DEBUG cic.cs.unb.ca.jnetpcap.FlowGenerator    FlagFIN current has 25 flow
2026-05-03 23:14:16 DEBUG cic.cs.unb.ca.jnetpcap.PacketReader    Read All packets on C:\Users\user\Downloads\ids_project_skeleton\ids_project\data\uploads\pcap_2a7e6a400a\input\ids_chunk_Wi-Fi_3.pcap
